../Core/mcp23008_driver/mcp23008_driver_basic.c:39:9:mcp23008_basic_initialize	24	static
../Core/mcp23008_driver/mcp23008_driver_basic.c:153:9:mcp23008_basic_irq_handler	8	static
../Core/mcp23008_driver/mcp23008_driver_basic.c:169:9:mcp23008_basic_gpio_irq_callBack	8	static
../Core/mcp23008_driver/mcp23008_driver_basic.c:217:9:mcp23008_basic_port_set_direction	8	static
../Core/mcp23008_driver/mcp23008_driver_basic.c:251:9:mcp23008_basic_gpio_write	8	static
../Core/mcp23008_driver/mcp23008_driver_basic.c:186:9:mcp23008_basic_gpio_set_direction	8	static
../Core/mcp23008_driver/mcp23008_driver_basic.c:270:9:mcp23008_basic_pin_write_all	8	static
../Core/mcp23008_driver/mcp23008_driver_basic.c:287:9:mcp23008_basic_gpio_read	16	static
../Core/mcp23008_driver/mcp23008_driver_basic.c:306:9:mcp23008_basic_gpio_toggle	8	static
../Core/mcp23008_driver/mcp23008_driver_basic.c:326:9:mcp23008_basic_INT_enable	16	static
../Core/mcp23008_driver/mcp23008_driver_basic.c:350:9:mcp23008_basic_INT_disable	8	static
../Core/mcp23008_driver/mcp23008_driver_basic.c:370:9:mcp23008_basic_clr_INT_flag	8	static
../Core/mcp23008_driver/mcp23008_driver_basic.c:386:9:mcp23008_basic_get_INT_flag	8	static
../Core/mcp23008_driver/mcp23008_driver_basic.c:405:9:mcp23008_basic_get_addr_pin	16	static
../Core/mcp23008_driver/mcp23008_driver_basic.c:428:9:mcp23008_basic_read_register	8	static
../Core/mcp23008_driver/mcp23008_driver_basic.c:446:9:mcp23008_basic_write_register	8	static
